
============================================================
≡ƒº¬ GEMINI INTEGRATION & N8N TEST SUITE
============================================================

1∩╕ÅΓâú  Testing server health...
node : 
At line:1 char:96
+ ... nerating Syetem\server"; node test-gemini-integration.js 2>&1 | Tee-O ...
+                              ~~~~~~~~~~~~~~~~~~~~~~~~~~~~~~~~~~~~
    + CategoryInfo          : NotSpecified: (:String) [], RemoteException
    + FullyQualifiedErrorId : NativeCommandError
 
Γ¥î ERROR!
Message: Error
AggregateError: Error
    at AxiosError.from (C:\Users\asifm\OneDrive\Desktop\Article Generating 
Syetem\server\node_modules\axios\dist\node\axios.cjs:914:14)
    at RedirectableRequest.handleRequestError 
(C:\Users\asifm\OneDrive\Desktop\Article Generating 
Syetem\server\node_modules\axios\dist\node\axios.cjs:3515:25)
    at RedirectableRequest.emit (node:events:530:35)
    at eventHandlers.<computed> (C:\Users\asifm\OneDrive\Desktop\Article 
Generating Syetem\server\node_modules\follow-redirects\index.js:49:24)
    at ClientRequest.emit (node:events:518:28)
    at emitErrorEvent (node:_http_client:104:11)
    at Socket.socketErrorListener (node:_http_client:518:5)
    at Socket.emit (node:events:518:28)
    at emitErrorNT (node:internal/streams/destroy:170:8)
    at emitErrorCloseNT (node:internal/streams/destroy:129:3)
    at Axios.request (C:\Users\asifm\OneDrive\Desktop\Article Generating 
Syetem\server\node_modules\axios\dist\node\axios.cjs:4731:41)
    at process.processTicksAndRejections 
(node:internal/process/task_queues:105:5)
    at async runTests (C:\Users\asifm\OneDrive\Desktop\Article Generating 
Syetem\server\test-gemini-integration.js:16:20)
